https://leetcode.com/problems/binary-tree-upside-down
https://leetcode.com/problems/read-n-characters-given-read4
https://leetcode.com/problems/read-n-characters-given-read4-ii-call-multiple-times
https://leetcode.com/problems/longest-substring-with-at-most-two-distinct-characters
https://leetcode.com/problems/one-edit-distance
https://leetcode.com/problems/missing-ranges
https://leetcode.com/problems/two-sum-iii-data-structure-design
https://leetcode.com/problems/reverse-words-in-a-string-ii
https://leetcode.com/problems/shortest-word-distance
https://leetcode.com/problems/shortest-word-distance-ii
https://leetcode.com/problems/shortest-word-distance-iii
https://leetcode.com/problems/strobogrammatic-number
https://leetcode.com/problems/strobogrammatic-number-ii
https://leetcode.com/problems/strobogrammatic-number-iii
https://leetcode.com/problems/group-shifted-strings
https://leetcode.com/problems/count-univalue-subtrees
https://leetcode.com/problems/flatten-2d-vector
https://leetcode.com/problems/meeting-rooms
https://leetcode.com/problems/meeting-rooms-ii
https://leetcode.com/problems/factor-combinations
https://leetcode.com/problems/verify-preorder-sequence-in-binary-search-tree
https://leetcode.com/problems/paint-house
https://leetcode.com/problems/3sum-smaller
https://leetcode.com/problems/graph-valid-tree
https://leetcode.com/problems/paint-house-ii
https://leetcode.com/problems/palindrome-permutation
https://leetcode.com/problems/palindrome-permutation-ii
https://leetcode.com/problems/alien-dictionary
https://leetcode.com/problems/closest-binary-search-tree-value
https://leetcode.com/problems/encode-and-decode-strings
https://leetcode.com/problems/closest-binary-search-tree-value-ii
https://leetcode.com/problems/paint-fence
https://leetcode.com/problems/find-the-celebrity
https://leetcode.com/problems/wiggle-sort
https://leetcode.com/problems/zigzag-iterator
https://leetcode.com/problems/inorder-successor-in-bst
https://leetcode.com/problems/walls-and-gates
https://leetcode.com/problems/unique-word-abbreviation
https://leetcode.com/problems/word-pattern-ii
https://leetcode.com/problems/flip-game
https://leetcode.com/problems/flip-game-ii
https://leetcode.com/problems/best-meeting-point
https://leetcode.com/problems/binary-tree-longest-consecutive-sequence
https://leetcode.com/problems/smallest-rectangle-enclosing-black-pixels
https://leetcode.com/problems/number-of-islands-ii
https://leetcode.com/problems/range-sum-query-2d-mutable
https://leetcode.com/problems/sparse-matrix-multiplication
https://leetcode.com/problems/binary-tree-vertical-order-traversal
https://leetcode.com/problems/shortest-distance-from-all-buildings
https://leetcode.com/problems/generalized-abbreviation
https://leetcode.com/problems/number-of-connected-components-in-an-undirected-graph
https://leetcode.com/problems/maximum-size-subarray-sum-equals-k
https://leetcode.com/problems/largest-bst-subtree
https://leetcode.com/problems/nested-list-weight-sum
https://leetcode.com/problems/longest-substring-with-at-most-k-distinct-characters
https://leetcode.com/problems/moving-average-from-data-stream
https://leetcode.com/problems/design-tic-tac-toe
https://leetcode.com/problems/android-unlock-patterns
https://leetcode.com/problems/design-snake-game
https://leetcode.com/problems/line-reflection
https://leetcode.com/problems/rearrange-string-k-distance-apart
https://leetcode.com/problems/logger-rate-limiter
https://leetcode.com/problems/sort-transformed-array
https://leetcode.com/problems/bomb-enemy
https://leetcode.com/problems/design-hit-counter
https://leetcode.com/problems/nested-list-weight-sum-ii
https://leetcode.com/problems/find-leaves-of-binary-tree
https://leetcode.com/problems/plus-one-linked-list
https://leetcode.com/problems/range-addition
https://leetcode.com/problems/design-phone-directory
https://leetcode.com/problems/valid-word-abbreviation
https://leetcode.com/problems/minimum-unique-word-abbreviation
https://leetcode.com/problems/sentence-screen-fitting
https://leetcode.com/problems/valid-word-square
https://leetcode.com/problems/word-squares
https://leetcode.com/problems/convert-binary-search-tree-to-sorted-doubly-linked-list
https://leetcode.com/problems/serialize-and-deserialize-n-ary-tree
https://leetcode.com/problems/encode-n-ary-tree-to-binary-tree
https://leetcode.com/problems/ternary-expression-parser
https://leetcode.com/problems/sequence-reconstruction
https://leetcode.com/problems/optimal-account-balancing
https://leetcode.com/problems/convex-polygon
https://leetcode.com/problems/encode-string-with-shortest-length
https://leetcode.com/problems/find-permutation
https://leetcode.com/problems/max-consecutive-ones-ii
https://leetcode.com/problems/robot-room-cleaner
https://leetcode.com/problems/the-maze
https://leetcode.com/problems/the-maze-iii
https://leetcode.com/problems/the-maze-ii
https://leetcode.com/problems/inorder-successor-in-bst-ii
https://leetcode.com/problems/game-play-analysis-i
https://leetcode.com/problems/game-play-analysis-ii
https://leetcode.com/problems/word-abbreviation
https://leetcode.com/problems/lonely-pixel-i
https://leetcode.com/problems/lonely-pixel-ii
https://leetcode.com/problems/game-play-analysis-iii
https://leetcode.com/problems/construct-binary-tree-from-string
https://leetcode.com/problems/output-contest-matches
https://leetcode.com/problems/boundary-of-binary-tree
https://leetcode.com/problems/split-array-with-equal-sum
https://leetcode.com/problems/binary-tree-longest-consecutive-sequence-ii
https://leetcode.com/problems/game-play-analysis-iv
https://leetcode.com/problems/split-concatenated-strings
https://leetcode.com/problems/longest-line-of-consecutive-one-in-matrix
https://leetcode.com/problems/maximum-vacation-days
https://leetcode.com/problems/median-employee-salary
https://leetcode.com/problems/managers-with-at-least-5-direct-reports
https://leetcode.com/problems/find-median-given-frequency-of-numbers
https://leetcode.com/problems/squirrel-simulation
https://leetcode.com/problems/winning-candidate
https://leetcode.com/problems/employee-bonus
https://leetcode.com/problems/get-highest-answer-rate-question
https://leetcode.com/problems/find-cumulative-salary-of-an-employee
https://leetcode.com/problems/count-student-number-in-departments
https://leetcode.com/problems/kill-process
https://leetcode.com/problems/find-customer-referee
https://leetcode.com/problems/investments-in-2016
https://leetcode.com/problems/customer-placing-the-largest-number-of-orders
https://leetcode.com/problems/design-in-memory-file-system
https://leetcode.com/problems/friend-requests-i-overall-acceptance-rate
https://leetcode.com/problems/friend-requests-ii-who-has-the-most-friends
https://leetcode.com/problems/consecutive-available-seats
https://leetcode.com/problems/design-compressed-string-iterator
https://leetcode.com/problems/sales-person
https://leetcode.com/problems/tree-node
https://leetcode.com/problems/triangle-judgement
https://leetcode.com/problems/shortest-distance-in-a-plane
https://leetcode.com/problems/shortest-distance-in-a-line
https://leetcode.com/problems/second-degree-follower
https://leetcode.com/problems/average-salary-departments-vs-company
https://leetcode.com/problems/add-bold-tag-in-string
https://leetcode.com/problems/students-report-by-geography
https://leetcode.com/problems/biggest-single-number
https://leetcode.com/problems/maximum-distance-in-arrays
https://leetcode.com/problems/minimum-factorization
https://leetcode.com/problems/design-excel-sum-formula
https://leetcode.com/problems/find-the-derangement-of-an-array
https://leetcode.com/problems/design-log-storage-system
https://leetcode.com/problems/design-search-autocomplete-system
https://leetcode.com/problems/maximum-average-subarray-ii
https://leetcode.com/problems/4-keys-keyboard
https://leetcode.com/problems/coin-path
https://leetcode.com/problems/remove-9
https://leetcode.com/problems/equal-tree-partition
https://leetcode.com/problems/path-sum-iv
https://leetcode.com/problems/next-closest-time
https://leetcode.com/problems/k-empty-slots
https://leetcode.com/problems/number-of-distinct-islands
https://leetcode.com/problems/search-in-a-sorted-array-of-unknown-size
https://leetcode.com/problems/insert-into-a-sorted-circular-linked-list
https://leetcode.com/problems/number-of-distinct-islands-ii
https://leetcode.com/problems/max-stack
https://leetcode.com/problems/candy-crush
https://leetcode.com/problems/minimum-window-subsequence
https://leetcode.com/problems/sentence-similarity
https://leetcode.com/problems/sentence-similarity-ii
https://leetcode.com/problems/closest-leaf-in-a-binary-tree
https://leetcode.com/problems/number-of-corner-rectangles
https://leetcode.com/problems/ip-to-cidr
https://leetcode.com/problems/pour-water
https://leetcode.com/problems/bold-words-in-string
https://leetcode.com/problems/employee-free-time
https://leetcode.com/problems/find-anagram-mappings
https://leetcode.com/problems/basic-calculator-iii
https://leetcode.com/problems/minimize-max-distance-to-gas-station
https://leetcode.com/problems/split-bst
https://leetcode.com/problems/similar-rgb-color
https://leetcode.com/problems/customers-who-bought-all-products
https://leetcode.com/problems/actors-and-directors-who-cooperated-at-least-three-times
https://leetcode.com/problems/shortest-way-to-form-string
https://leetcode.com/problems/confusing-number
https://leetcode.com/problems/campus-bikes
https://leetcode.com/problems/minimize-rounding-error-to-meet-target
https://leetcode.com/problems/all-paths-from-source-lead-to-destination
https://leetcode.com/problems/missing-element-in-sorted-array
https://leetcode.com/problems/lexicographically-smallest-equivalent-string
https://leetcode.com/problems/longest-repeating-substring
https://leetcode.com/problems/number-of-valid-subarrays
https://leetcode.com/problems/fixed-point
https://leetcode.com/problems/index-pairs-of-a-string
https://leetcode.com/problems/campus-bikes-ii
https://leetcode.com/problems/digit-count-in-range
https://leetcode.com/problems/product-sales-analysis-i
https://leetcode.com/problems/product-sales-analysis-ii
https://leetcode.com/problems/product-sales-analysis-iii
https://leetcode.com/problems/project-employees-i
https://leetcode.com/problems/project-employees-ii
https://leetcode.com/problems/project-employees-iii
https://leetcode.com/problems/sales-analysis-i
https://leetcode.com/problems/sales-analysis-ii
https://leetcode.com/problems/sales-analysis-iii
https://leetcode.com/problems/sum-of-digits-in-the-minimum-number
https://leetcode.com/problems/high-five
https://leetcode.com/problems/brace-expansion
https://leetcode.com/problems/confusing-number-ii
https://leetcode.com/problems/game-play-analysis-v
https://leetcode.com/problems/unpopular-books
https://leetcode.com/problems/two-sum-less-than-k
https://leetcode.com/problems/find-k-length-substrings-with-no-repeated-characters
https://leetcode.com/problems/the-earliest-moment-when-everyone-become-friends
https://leetcode.com/problems/path-with-maximum-minimum-value
https://leetcode.com/problems/new-users-daily-count
https://leetcode.com/problems/highest-grade-for-each-student
https://leetcode.com/problems/reported-posts
https://leetcode.com/problems/number-of-days-in-a-month
https://leetcode.com/problems/remove-vowels-from-a-string
https://leetcode.com/problems/maximum-average-subtree
https://leetcode.com/problems/divide-array-into-increasing-sequences
https://leetcode.com/problems/active-businesses
https://leetcode.com/problems/user-purchase-platform
https://leetcode.com/problems/reported-posts-ii
https://leetcode.com/problems/largest-unique-number
https://leetcode.com/problems/armstrong-number
https://leetcode.com/problems/connecting-cities-with-minimum-cost
https://leetcode.com/problems/parallel-courses
https://leetcode.com/problems/user-activity-for-the-past-30-days-i
https://leetcode.com/problems/user-activity-for-the-past-30-days-ii
https://leetcode.com/problems/article-views-i
https://leetcode.com/problems/article-views-ii
https://leetcode.com/problems/check-if-a-number-is-majority-element-in-a-sorted-array
https://leetcode.com/problems/minimum-swaps-to-group-all-1s-together
https://leetcode.com/problems/analyze-user-website-visit-pattern
https://leetcode.com/problems/string-transforms-into-another-string
https://leetcode.com/problems/market-analysis-i
https://leetcode.com/problems/market-analysis-ii
https://leetcode.com/problems/product-price-at-a-given-date
https://leetcode.com/problems/single-row-keyboard
https://leetcode.com/problems/design-file-system
https://leetcode.com/problems/minimum-cost-to-connect-sticks
https://leetcode.com/problems/optimize-water-distribution-in-a-village
https://leetcode.com/problems/immediate-food-delivery-i
https://leetcode.com/problems/immediate-food-delivery-ii
https://leetcode.com/problems/diet-plan-performance
https://leetcode.com/problems/count-substrings-with-only-one-distinct-letter
https://leetcode.com/problems/before-and-after-puzzle
https://leetcode.com/problems/shortest-distance-to-target-color
https://leetcode.com/problems/maximum-number-of-ones
https://leetcode.com/problems/design-bounded-blocking-queue
https://leetcode.com/problems/monthly-transactions-i
https://leetcode.com/problems/tournament-winners
https://leetcode.com/problems/how-many-apples-can-you-put-into-the-basket
https://leetcode.com/problems/minimum-knight-moves
https://leetcode.com/problems/find-smallest-common-element-in-all-rows
https://leetcode.com/problems/minimum-time-to-build-blocks
https://leetcode.com/problems/last-person-to-fit-in-the-bus
https://leetcode.com/problems/monthly-transactions-ii
https://leetcode.com/problems/queries-quality-and-percentage
https://leetcode.com/problems/team-scores-in-football-tournament
https://leetcode.com/problems/intersection-of-three-sorted-arrays
https://leetcode.com/problems/two-sum-bsts
https://leetcode.com/problems/stepping-numbers
https://leetcode.com/problems/valid-palindrome-iii
https://leetcode.com/problems/report-contiguous-dates
https://leetcode.com/problems/missing-number-in-arithmetic-progression
https://leetcode.com/problems/meeting-scheduler
https://leetcode.com/problems/toss-strange-coins
https://leetcode.com/problems/divide-chocolate
https://leetcode.com/problems/web-crawler
https://leetcode.com/problems/number-of-comments-per-post
https://leetcode.com/problems/web-crawler-multithreaded
https://leetcode.com/problems/array-transformation
https://leetcode.com/problems/design-a-leaderboard
https://leetcode.com/problems/tree-diameter
https://leetcode.com/problems/palindrome-removal
https://leetcode.com/problems/average-selling-price
https://leetcode.com/problems/encode-number
https://leetcode.com/problems/smallest-common-region
https://leetcode.com/problems/synonymous-sentences
https://leetcode.com/problems/handshakes-that-dont-cross
https://leetcode.com/problems/page-recommendations
https://leetcode.com/problems/print-immutable-linked-list-in-reverse
https://leetcode.com/problems/all-people-report-to-the-given-manager
https://leetcode.com/problems/hexspeak
https://leetcode.com/problems/remove-interval
https://leetcode.com/problems/delete-tree-nodes
https://leetcode.com/problems/number-of-ships-in-a-rectangle
https://leetcode.com/problems/traffic-light-controlled-intersection
https://leetcode.com/problems/students-and-examinations
https://leetcode.com/problems/find-the-start-and-end-number-of-continuous-ranges
https://leetcode.com/problems/weather-type-in-each-country
https://leetcode.com/problems/find-the-team-size
https://leetcode.com/problems/running-total-for-different-genders
https://leetcode.com/problems/restaurant-growth
https://leetcode.com/problems/ads-performance
https://leetcode.com/problems/list-the-products-ordered-in-a-period
https://leetcode.com/problems/number-of-transactions-per-visit
https://leetcode.com/problems/movie-rating
https://leetcode.com/problems/students-with-invalid-departments
https://leetcode.com/problems/activity-participants
https://leetcode.com/problems/number-of-trusted-contacts-of-a-customer
https://leetcode.com/problems/get-the-second-most-recent-activity
https://leetcode.com/problems/replace-employee-id-with-the-unique-identifier
https://leetcode.com/problems/total-sales-amount-by-year
https://leetcode.com/problems/capital-gainloss
https://leetcode.com/problems/customers-who-bought-products-a-and-b-but-not-c
https://leetcode.com/problems/top-travellers
https://leetcode.com/problems/find-the-quiet-students-in-all-exams
https://leetcode.com/problems/npv-queries
https://leetcode.com/problems/counting-elements
https://leetcode.com/problems/perform-string-shifts
https://leetcode.com/problems/leftmost-column-with-at-least-a-one
https://leetcode.com/problems/first-unique-number
https://leetcode.com/problems/check-if-a-string-is-a-valid-sequence-from-root-to-leaves-path-in-a-binary-tree
https://leetcode.com/problems/create-a-session-bar-chart
https://leetcode.com/problems/evaluate-boolean-expression
https://leetcode.com/problems/apples-oranges
https://leetcode.com/problems/active-users
https://leetcode.com/problems/rectangles-area
https://leetcode.com/problems/calculate-salaries
https://leetcode.com/problems/find-all-the-lonely-nodes
https://leetcode.com/problems/delete-n-nodes-after-m-nodes-of-a-linked-list
https://leetcode.com/problems/sales-by-day-of-the-week
https://leetcode.com/problems/group-sold-products-by-the-date
https://leetcode.com/problems/clone-binary-tree-with-random-pointer
https://leetcode.com/problems/clone-n-ary-tree
https://leetcode.com/problems/friendly-movies-streamed-last-month
https://leetcode.com/problems/design-a-file-sharing-system
https://leetcode.com/problems/countries-you-can-safely-invest-in
https://leetcode.com/problems/find-root-of-n-ary-tree
https://leetcode.com/problems/customer-order-frequency
https://leetcode.com/problems/move-sub-tree-of-n-ary-tree
https://leetcode.com/problems/find-users-with-valid-e-mails
https://leetcode.com/problems/diameter-of-n-ary-tree
https://leetcode.com/problems/patients-with-a-condition
https://leetcode.com/problems/the-most-recent-three-orders
https://leetcode.com/problems/find-the-index-of-the-large-integer
https://leetcode.com/problems/guess-the-majority-in-a-hidden-array
https://leetcode.com/problems/fix-product-name-format
https://leetcode.com/problems/the-most-similar-path-in-a-graph
https://leetcode.com/problems/the-most-recent-orders-for-each-product
https://leetcode.com/problems/strings-differ-by-one-character
https://leetcode.com/problems/bank-account-summary
https://leetcode.com/problems/put-boxes-into-the-warehouse-i
https://leetcode.com/problems/unique-orders-and-customers-per-month
https://leetcode.com/problems/dot-product-of-two-sparse-vectors
https://leetcode.com/problems/warehouse-manager
https://leetcode.com/problems/put-boxes-into-the-warehouse-ii
https://leetcode.com/problems/customer-who-visited-but-did-not-make-any-transactions
https://leetcode.com/problems/binary-search-tree-iterator-ii
https://leetcode.com/problems/bank-account-summary-ii
https://leetcode.com/problems/the-most-frequently-ordered-products-for-each-customer
https://leetcode.com/problems/build-binary-expression-tree-from-infix-expression
https://leetcode.com/problems/find-nearest-right-node-in-binary-tree
https://leetcode.com/problems/sellers-with-no-sales
https://leetcode.com/problems/check-if-two-expression-trees-are-equivalent
https://leetcode.com/problems/find-the-missing-ids
https://leetcode.com/problems/maximum-font-to-fit-a-sentence-in-a-screen
https://leetcode.com/problems/all-valid-triplets-that-can-represent-a-country
https://leetcode.com/problems/design-an-expression-tree-with-evaluate-function
https://leetcode.com/problems/percentage-of-users-attended-a-contest
https://leetcode.com/problems/add-two-polynomials-represented-as-linked-lists
https://leetcode.com/problems/hopper-company-queries-i
https://leetcode.com/problems/lowest-common-ancestor-of-a-binary-tree-ii
https://leetcode.com/problems/hopper-company-queries-ii
https://leetcode.com/problems/lowest-common-ancestor-of-a-binary-tree-iii
https://leetcode.com/problems/hopper-company-queries-iii
https://leetcode.com/problems/correct-a-binary-tree
https://leetcode.com/problems/average-time-of-process-per-machine
https://leetcode.com/problems/change-the-root-of-a-binary-tree
https://leetcode.com/problems/fix-names-in-a-table
https://leetcode.com/problems/lowest-common-ancestor-of-a-binary-tree-iv
https://leetcode.com/problems/products-worth-over-invoices
https://leetcode.com/problems/longest-palindromic-subsequence-ii
https://leetcode.com/problems/invalid-tweets
https://leetcode.com/problems/count-ways-to-distribute-candies
https://leetcode.com/problems/daily-leads-and-partners
https://leetcode.com/problems/number-of-distinct-substrings-in-a-string
https://leetcode.com/problems/number-of-calls-between-two-persons
https://leetcode.com/problems/largest-subarray-length-k
https://leetcode.com/problems/biggest-window-between-visits
https://leetcode.com/problems/sum-of-special-evenly-spaced-elements-in-array
https://leetcode.com/problems/count-apples-and-oranges
https://leetcode.com/problems/checking-existence-of-edge-length-limited-paths-ii
https://leetcode.com/problems/find-followers-count
https://leetcode.com/problems/shortest-path-to-get-food
https://leetcode.com/problems/the-number-of-employees-which-report-to-each-employee
https://leetcode.com/problems/find-distance-in-a-binary-tree
https://leetcode.com/problems/find-total-time-spent-by-each-employee
https://leetcode.com/problems/maximum-subarray-sum-after-one-operation
https://leetcode.com/problems/leetflex-banned-accounts
https://leetcode.com/problems/design-most-recently-used-queue
https://leetcode.com/problems/recyclable-and-low-fat-products
https://leetcode.com/problems/buildings-with-an-ocean-view
https://leetcode.com/problems/find-the-subtasks-that-did-not-execute
https://leetcode.com/problems/sort-features-by-popularity
https://leetcode.com/problems/products-price-for-each-store
https://leetcode.com/problems/shortest-path-in-a-hidden-grid
https://leetcode.com/problems/grand-slam-titles
https://leetcode.com/problems/maximize-the-beauty-of-the-garden
https://leetcode.com/problems/primary-department-for-each-employee
https://leetcode.com/problems/count-pairs-of-equal-substrings-with-minimum-difference
https://leetcode.com/problems/rearrange-products-table
https://leetcode.com/problems/implement-trie-ii-prefix-tree
https://leetcode.com/problems/ad-free-sessions
https://leetcode.com/problems/minimum-path-cost-in-a-hidden-grid
https://leetcode.com/problems/find-interview-candidates
https://leetcode.com/problems/maximum-number-of-accepted-invitations
https://leetcode.com/problems/find-customers-with-positive-revenue-this-year
https://leetcode.com/problems/faulty-sensor
https://leetcode.com/problems/maximum-transaction-each-day
https://leetcode.com/problems/remove-duplicates-from-an-unsorted-linked-list
https://leetcode.com/problems/league-statistics
https://leetcode.com/problems/next-palindrome-using-same-digits
https://leetcode.com/problems/suspicious-bank-accounts
https://leetcode.com/problems/distinct-numbers-in-each-subarray
https://leetcode.com/problems/convert-date-format
https://leetcode.com/problems/longest-word-with-all-prefixes
https://leetcode.com/problems/orders-with-maximum-quantity-above-average
https://leetcode.com/problems/product-of-two-run-length-encoded-arrays
https://leetcode.com/problems/calculate-special-bonus
https://leetcode.com/problems/minimize-product-sum-of-two-arrays
https://leetcode.com/problems/group-employees-of-the-same-salary
https://leetcode.com/problems/count-pairs-in-two-arrays
https://leetcode.com/problems/the-latest-login-in-2020
https://leetcode.com/problems/cutting-ribbons
https://leetcode.com/problems/page-recommendations-ii
https://leetcode.com/problems/depth-of-bst-given-insertion-order
https://leetcode.com/problems/count-salary-categories
https://leetcode.com/problems/game-of-nim
https://leetcode.com/problems/leetcodify-friends-recommendations
https://leetcode.com/problems/kth-smallest-subarray-sum
https://leetcode.com/problems/leetcodify-similar-friends
https://leetcode.com/problems/erect-the-fence-ii
https://leetcode.com/problems/check-if-string-is-decomposable-into-value-equal-substrings
https://leetcode.com/problems/confirmation-rate
https://leetcode.com/problems/users-that-actively-request-confirmation-messages
https://leetcode.com/problems/longest-common-subsequence-between-sorted-arrays
https://leetcode.com/problems/strong-friendship
https://leetcode.com/problems/maximum-of-minimum-values-in-all-subarrays
https://leetcode.com/problems/all-the-pairs-with-the-maximum-number-of-common-followers
https://leetcode.com/problems/minimum-time-for-k-virus-variants-to-spread
https://leetcode.com/problems/employees-with-missing-information
https://leetcode.com/problems/binary-searchable-numbers-in-an-unsorted-array
https://leetcode.com/problems/first-and-last-call-on-the-same-day
https://leetcode.com/problems/count-nodes-equal-to-sum-of-descendants
https://leetcode.com/problems/employees-whose-manager-left-the-company
https://leetcode.com/problems/widest-pair-of-indices-with-equal-range-sum
https://leetcode.com/problems/find-cutoff-score-for-each-school
https://leetcode.com/problems/maximum-number-of-people-that-can-be-caught-in-tag
https://leetcode.com/problems/count-the-number-of-experiments
https://leetcode.com/problems/smallest-greater-multiple-made-of-two-digits
https://leetcode.com/problems/the-number-of-seniors-and-juniors-to-join-the-company
https://leetcode.com/problems/subtree-removal-game-with-fibonacci-tree
https://leetcode.com/problems/the-number-of-seniors-and-juniors-to-join-the-company-ii
https://leetcode.com/problems/average-height-of-buildings-in-each-segment
https://leetcode.com/problems/number-of-accounts-that-did-not-stream
https://leetcode.com/problems/brightest-position-on-street
https://leetcode.com/problems/low-quality-problems
https://leetcode.com/problems/count-subarrays-with-more-ones-than-zeros
https://leetcode.com/problems/maximum-alternating-subarray-sum
https://leetcode.com/problems/accepted-candidates-from-the-interviews
https://leetcode.com/problems/sort-linked-list-already-sorted-using-absolute-values
https://leetcode.com/problems/the-category-of-each-member-in-the-store
https://leetcode.com/problems/minimum-cost-to-separate-sentence-into-rows
https://leetcode.com/problems/number-of-spaces-cleaning-robot-cleaned
https://leetcode.com/problems/account-balance
https://leetcode.com/problems/number-of-equal-count-substrings
https://leetcode.com/problems/the-winner-university
https://leetcode.com/problems/paths-in-maze-that-lead-to-same-room
https://leetcode.com/problems/the-number-of-rich-customers
https://leetcode.com/problems/substrings-that-begin-and-end-with-the-same-letter
https://leetcode.com/problems/drop-type-1-orders-for-customers-with-type-0-orders
https://leetcode.com/problems/minimum-cost-to-reach-city-with-discounts
https://leetcode.com/problems/subsequence-of-size-k-with-the-largest-even-sum
https://leetcode.com/problems/number-of-unique-flavors-after-sharing-k-candies
https://leetcode.com/problems/the-airport-with-the-most-traffic
https://leetcode.com/problems/elements-in-array-after-removing-and-replacing-elements
https://leetcode.com/problems/build-the-equation
https://leetcode.com/problems/minimum-operations-to-remove-adjacent-ones-in-matrix
https://leetcode.com/problems/remove-all-ones-with-row-and-column-flips
https://leetcode.com/problems/pour-water-between-buckets-to-make-water-levels-equal
https://leetcode.com/problems/the-number-of-passengers-in-each-bus-i
https://leetcode.com/problems/choose-numbers-from-two-arrays-in-range
https://leetcode.com/problems/minimum-number-of-lines-to-cover-points
https://leetcode.com/problems/the-number-of-passengers-in-each-bus-ii
https://leetcode.com/problems/amount-of-new-area-painted-each-day
https://leetcode.com/problems/order-two-columns-independently
